

##################################################
507.cactuBSSN_r
##################################################
  507.cactuBSSN_r      Static - Loss:  29.423%   Dynamic Weighted loss:  19.961%
  Misclassified: 3409 branches -> ./misclassified/EMB_CT_507.cactuBSSN_r.csv


##################################################
502.gcc_r
##################################################
  502.gcc_r            Static - Loss:  33.712%   Dynamic Weighted loss:  31.461%
  Misclassified: 29167 branches -> ./misclassified/EMB_CT_502.gcc_r.csv


##################################################
519.lbm_r
##################################################
  519.lbm_r            Static - Loss:  20.236%   Dynamic Weighted loss:   3.448%
  Misclassified: 206 branches -> ./misclassified/EMB_CT_519.lbm_r.csv


##################################################
505.mcf_r
##################################################
  505.mcf_r            Static - Loss:  23.301%   Dynamic Weighted loss:  35.729%
  Misclassified: 72 branches -> ./misclassified/EMB_CT_505.mcf_r.csv


##################################################
508.namd_r
##################################################
  508.namd_r           Static - Loss:  25.771%   Dynamic Weighted loss:  21.342%
  Misclassified: 902 branches -> ./misclassified/EMB_CT_508.namd_r.csv


##################################################
520.omnetpp_r
##################################################
  520.omnetpp_r        Static - Loss:  28.108%   Dynamic Weighted loss:  31.056%
  Misclassified: 2510 branches -> ./misclassified/EMB_CT_520.omnetpp_r.csv


##################################################
510.parest_r
##################################################
  510.parest_r         Static - Loss:  28.589%   Dynamic Weighted loss:  28.890%
  Misclassified: 4445 branches -> ./misclassified/EMB_CT_510.parest_r.csv


##################################################
500.perlbench_r
##################################################
  500.perlbench_r      Static - Loss:  32.608%   Dynamic Weighted loss:  26.279%
  Misclassified: 5586 branches -> ./misclassified/EMB_CT_500.perlbench_r.csv


##################################################
511.povray_r
##################################################
  511.povray_r         Static - Loss:  23.625%   Dynamic Weighted loss:  46.071%
  Misclassified: 1722 branches -> ./misclassified/EMB_CT_511.povray_r.csv


##################################################
521.wrf_r
##################################################
  521.wrf_r            Static - Loss:  24.898%   Dynamic Weighted loss:  26.457%
  Misclassified: 10018 branches -> ./misclassified/EMB_CT_521.wrf_r.csv


##################################################
525.x264_r
##################################################
  525.x264_r           Static - Loss:  29.337%   Dynamic Weighted loss:  21.766%
  Misclassified: 1314 branches -> ./misclassified/EMB_CT_525.x264_r.csv


##################################################
523.xalancbmk_r
##################################################
  523.xalancbmk_r      Static - Loss:  31.896%   Dynamic Weighted loss:  19.143%
  Misclassified: 4335 branches -> ./misclassified/EMB_CT_523.xalancbmk_r.csv
Using cuda


##################################################
507.cactuBSSN_r
##################################################
  507.cactuBSSN_r      1-Accuracy:  33.195%   Binary Error:  19.330%
  Misclassified: 3846 branches -> ./misclassified/ESP_507.cactuBSSN_r.csv
Using cuda


##################################################
502.gcc_r
##################################################
  502.gcc_r            1-Accuracy:  35.294%   Binary Error:  33.101%
  Misclassified: 30536 branches -> ./misclassified/ESP_502.gcc_r.csv
Using cuda


##################################################
519.lbm_r
##################################################
  519.lbm_r            1-Accuracy:  28.782%   Binary Error:   3.946%
  Misclassified: 293 branches -> ./misclassified/ESP_519.lbm_r.csv
Using cuda


##################################################
505.mcf_r
##################################################
  505.mcf_r            1-Accuracy:  23.301%   Binary Error:  31.681%
  Misclassified: 72 branches -> ./misclassified/ESP_505.mcf_r.csv
Using cuda


##################################################
508.namd_r
##################################################
  508.namd_r           1-Accuracy:  31.286%   Binary Error:  19.276%
  Misclassified: 1095 branches -> ./misclassified/ESP_508.namd_r.csv
Using cuda


##################################################
520.omnetpp_r
##################################################
  520.omnetpp_r        1-Accuracy:  33.684%   Binary Error:  34.003%
  Misclassified: 3008 branches -> ./misclassified/ESP_520.omnetpp_r.csv
Using cuda


##################################################
510.parest_r
##################################################
  510.parest_r         1-Accuracy:  31.966%   Binary Error:  30.005%
  Misclassified: 4970 branches -> ./misclassified/ESP_510.parest_r.csv
Using cuda


##################################################
500.perlbench_r
##################################################
  500.perlbench_r      1-Accuracy:  34.902%   Binary Error:  34.740%
  Misclassified: 5979 branches -> ./misclassified/ESP_500.perlbench_r.csv
Using cuda


##################################################
511.povray_r
##################################################
  511.povray_r         1-Accuracy:  27.864%   Binary Error:  43.450%
  Misclassified: 2031 branches -> ./misclassified/ESP_511.povray_r.csv
Using cuda


##################################################
521.wrf_r
##################################################
  521.wrf_r            1-Accuracy:  26.976%   Binary Error:  26.319%
  Misclassified: 10854 branches -> ./misclassified/ESP_521.wrf_r.csv
Using cuda


##################################################
525.x264_r
##################################################
  525.x264_r           1-Accuracy:  35.454%   Binary Error:  22.708%
  Misclassified: 1588 branches -> ./misclassified/ESP_525.x264_r.csv
Using cuda


##################################################
523.xalancbmk_r
##################################################
  523.xalancbmk_r      1-Accuracy:  32.610%   Binary Error:  18.378%
  Misclassified: 4432 branches -> ./misclassified/ESP_523.xalancbmk_r.csv


##################################################
507.cactuBSSN_r
##################################################
  507.cactuBSSN_r      1-Accuracy:  30.356%   Binary Error:  18.277%
  Misclassified: 3517 branches -> ./misclassified/SS_CT_507.cactuBSSN_r.csv


##################################################
502.gcc_r
##################################################
  502.gcc_r            1-Accuracy:  35.877%   Binary Error:  33.080%
  Misclassified: 31040 branches -> ./misclassified/SS_CT_502.gcc_r.csv


##################################################
519.lbm_r
##################################################
  519.lbm_r            1-Accuracy:  22.790%   Binary Error:   4.391%
  Misclassified: 232 branches -> ./misclassified/SS_CT_519.lbm_r.csv


##################################################
505.mcf_r
##################################################
  505.mcf_r            1-Accuracy:  25.243%   Binary Error:  29.584%
  Misclassified: 78 branches -> ./misclassified/SS_CT_505.mcf_r.csv


##################################################
508.namd_r
##################################################
  508.namd_r           1-Accuracy:  26.600%   Binary Error:  20.727%
  Misclassified: 931 branches -> ./misclassified/SS_CT_508.namd_r.csv


##################################################
520.omnetpp_r
##################################################
  520.omnetpp_r        1-Accuracy:  31.825%   Binary Error:  32.989%
  Misclassified: 2842 branches -> ./misclassified/SS_CT_520.omnetpp_r.csv


##################################################
510.parest_r
##################################################
  510.parest_r         1-Accuracy:  33.850%   Binary Error:  27.831%
  Misclassified: 5263 branches -> ./misclassified/SS_CT_510.parest_r.csv


##################################################
500.perlbench_r
##################################################
  500.perlbench_r      1-Accuracy:  34.096%   Binary Error:  31.890%
  Misclassified: 5841 branches -> ./misclassified/SS_CT_500.perlbench_r.csv


##################################################
511.povray_r
##################################################
  511.povray_r         1-Accuracy:  27.260%   Binary Error:  41.456%
  Misclassified: 1987 branches -> ./misclassified/SS_CT_511.povray_r.csv


##################################################
521.wrf_r
##################################################
  521.wrf_r            1-Accuracy:  26.198%   Binary Error:  26.523%
  Misclassified: 10541 branches -> ./misclassified/SS_CT_521.wrf_r.csv


##################################################
525.x264_r
##################################################
  525.x264_r           1-Accuracy:  32.954%   Binary Error:  23.018%
  Misclassified: 1476 branches -> ./misclassified/SS_CT_525.x264_r.csv


##################################################
523.xalancbmk_r
##################################################
  523.xalancbmk_r      1-Accuracy:  32.647%   Binary Error:  19.901%
  Misclassified: 4437 branches -> ./misclassified/SS_CT_523.xalancbmk_r.csv
