

##################################################
526.blender_r
##################################################
  526.blender_r        Static - Loss:  36.545%   Dynamic Weighted loss:  31.010%
  Misclassified: 5432 branches -> ./misclassified/EMB_CT_526.blender_r.csv


##################################################
503.bwaves_r
##################################################
  503.bwaves_r         Static - Loss:  33.422%   Dynamic Weighted loss:  24.488%
  Misclassified: 758 branches -> ./misclassified/EMB_CT_503.bwaves_r.csv


##################################################
527.cam4_r
##################################################
  527.cam4_r           Static - Loss:  30.438%   Dynamic Weighted loss:  23.627%
  Misclassified: 7020 branches -> ./misclassified/EMB_CT_527.cam4_r.csv


##################################################
531.deepsjeng_r
##################################################
  531.deepsjeng_r      Static - Loss:  34.956%   Dynamic Weighted loss:  36.131%
  Misclassified: 919 branches -> ./misclassified/EMB_CT_531.deepsjeng_r.csv


##################################################
548.exchange2_r
##################################################
  548.exchange2_r      Static - Loss:  27.938%   Dynamic Weighted loss:  32.982%
  Misclassified: 913 branches -> ./misclassified/EMB_CT_548.exchange2_r.csv


##################################################
549.fotonik3d_r
##################################################
  549.fotonik3d_r      Static - Loss:  30.703%   Dynamic Weighted loss:  15.567%
  Misclassified: 1459 branches -> ./misclassified/EMB_CT_549.fotonik3d_r.csv


##################################################
538.imagick_r
##################################################
  538.imagick_r        Static - Loss:  34.262%   Dynamic Weighted loss:  10.704%
  Misclassified: 1389 branches -> ./misclassified/EMB_CT_538.imagick_r.csv


##################################################
541.leela_r
##################################################
  541.leela_r          Static - Loss:  38.369%   Dynamic Weighted loss:  33.397%
  Misclassified: 1562 branches -> ./misclassified/EMB_CT_541.leela_r.csv


##################################################
544.nab_r
##################################################
  544.nab_r            Static - Loss:  35.574%   Dynamic Weighted loss:  20.167%
  Misclassified: 1053 branches -> ./misclassified/EMB_CT_544.nab_r.csv


##################################################
554.roms_r
##################################################
  554.roms_r           Static - Loss:  30.334%   Dynamic Weighted loss:  12.408%
  Misclassified: 2073 branches -> ./misclassified/EMB_CT_554.roms_r.csv


##################################################
557.xz_r
##################################################
  557.xz_r             Static - Loss:  35.280%   Dynamic Weighted loss:  31.078%
  Misclassified: 749 branches -> ./misclassified/EMB_CT_557.xz_r.csv
Using cuda


##################################################
526.blender_r
##################################################
  526.blender_r        1-Accuracy:  37.049%   Binary Error:  34.182%
  Misclassified: 5507 branches -> ./misclassified/ESP_526.blender_r.csv
Using cuda


##################################################
503.bwaves_r
##################################################
  503.bwaves_r         1-Accuracy:  33.069%   Binary Error:  27.472%
  Misclassified: 750 branches -> ./misclassified/ESP_503.bwaves_r.csv
Using cuda


##################################################
527.cam4_r
##################################################
  527.cam4_r           1-Accuracy:  30.096%   Binary Error:  26.309%
  Misclassified: 6941 branches -> ./misclassified/ESP_527.cam4_r.csv
Using cuda


##################################################
531.deepsjeng_r
##################################################
  531.deepsjeng_r      1-Accuracy:  36.592%   Binary Error:  35.329%
  Misclassified: 962 branches -> ./misclassified/ESP_531.deepsjeng_r.csv
Using cuda


##################################################
548.exchange2_r
##################################################
  548.exchange2_r      1-Accuracy:  27.938%   Binary Error:  22.686%
  Misclassified: 913 branches -> ./misclassified/ESP_548.exchange2_r.csv
Using cuda


##################################################
549.fotonik3d_r
##################################################
  549.fotonik3d_r      1-Accuracy:  27.567%   Binary Error:  15.692%
  Misclassified: 1310 branches -> ./misclassified/ESP_549.fotonik3d_r.csv
Using cuda


##################################################
538.imagick_r
##################################################
  538.imagick_r        1-Accuracy:  35.323%   Binary Error:  17.257%
  Misclassified: 1432 branches -> ./misclassified/ESP_538.imagick_r.csv
Using cuda


##################################################
541.leela_r
##################################################
  541.leela_r          1-Accuracy:  39.302%   Binary Error:  32.066%
  Misclassified: 1600 branches -> ./misclassified/ESP_541.leela_r.csv
Using cuda


##################################################
544.nab_r
##################################################
  544.nab_r            1-Accuracy:  35.135%   Binary Error:  20.727%
  Misclassified: 1040 branches -> ./misclassified/ESP_544.nab_r.csv
Using cuda


##################################################
554.roms_r
##################################################
  554.roms_r           1-Accuracy:  30.773%   Binary Error:  14.170%
  Misclassified: 2103 branches -> ./misclassified/ESP_554.roms_r.csv
Using cuda


##################################################
557.xz_r
##################################################
  557.xz_r             1-Accuracy:  36.976%   Binary Error:  32.515%
  Misclassified: 785 branches -> ./misclassified/ESP_557.xz_r.csv


##################################################
526.blender_r
##################################################
  526.blender_r        1-Accuracy:  37.621%   Binary Error:  34.486%
  Misclassified: 5592 branches -> ./misclassified/SS_CT_526.blender_r.csv


##################################################
503.bwaves_r
##################################################
  503.bwaves_r         1-Accuracy:  32.451%   Binary Error:  25.693%
  Misclassified: 736 branches -> ./misclassified/SS_CT_503.bwaves_r.csv


##################################################
527.cam4_r
##################################################
  527.cam4_r           1-Accuracy:  30.508%   Binary Error:  25.608%
  Misclassified: 7036 branches -> ./misclassified/SS_CT_527.cam4_r.csv


##################################################
531.deepsjeng_r
##################################################
  531.deepsjeng_r      1-Accuracy:  36.135%   Binary Error:  35.869%
  Misclassified: 950 branches -> ./misclassified/SS_CT_531.deepsjeng_r.csv


##################################################
548.exchange2_r
##################################################
  548.exchange2_r      1-Accuracy:  28.580%   Binary Error:  24.335%
  Misclassified: 934 branches -> ./misclassified/SS_CT_548.exchange2_r.csv


##################################################
549.fotonik3d_r
##################################################
  549.fotonik3d_r      1-Accuracy:  26.242%   Binary Error:  15.171%
  Misclassified: 1247 branches -> ./misclassified/SS_CT_549.fotonik3d_r.csv


##################################################
538.imagick_r
##################################################
  538.imagick_r        1-Accuracy:  36.458%   Binary Error:  16.116%
  Misclassified: 1478 branches -> ./misclassified/SS_CT_538.imagick_r.csv


##################################################
541.leela_r
##################################################
  541.leela_r          1-Accuracy:  40.162%   Binary Error:  31.224%
  Misclassified: 1635 branches -> ./misclassified/SS_CT_541.leela_r.csv


##################################################
544.nab_r
##################################################
  544.nab_r            1-Accuracy:  38.615%   Binary Error:  21.406%
  Misclassified: 1143 branches -> ./misclassified/SS_CT_544.nab_r.csv


##################################################
554.roms_r
##################################################
  554.roms_r           1-Accuracy:  28.475%   Binary Error:  13.437%
  Misclassified: 1946 branches -> ./misclassified/SS_CT_554.roms_r.csv


##################################################
557.xz_r
##################################################
  557.xz_r             1-Accuracy:  34.903%   Binary Error:  30.485%
  Misclassified: 741 branches -> ./misclassified/SS_CT_557.xz_r.csv
