

##################################################
507.cactuBSSN_r
##################################################
  507.cactuBSSN_r      Static - Loss:  30.373%   Dynamic Weighted loss:  19.230%
  Misclassified: 3519 branches -> ./misclassified/EMB_CT_507.cactuBSSN_r.csv


##################################################
502.gcc_r
##################################################
  502.gcc_r            Static - Loss:  34.483%   Dynamic Weighted loss:  32.023%
  Misclassified: 29834 branches -> ./misclassified/EMB_CT_502.gcc_r.csv


##################################################
519.lbm_r
##################################################
  519.lbm_r            Static - Loss:  22.790%   Dynamic Weighted loss:   3.448%
  Misclassified: 232 branches -> ./misclassified/EMB_CT_519.lbm_r.csv


##################################################
505.mcf_r
##################################################
  505.mcf_r            Static - Loss:  24.272%   Dynamic Weighted loss:  29.197%
  Misclassified: 75 branches -> ./misclassified/EMB_CT_505.mcf_r.csv


##################################################
508.namd_r
##################################################
  508.namd_r           Static - Loss:  26.171%   Dynamic Weighted loss:  20.095%
  Misclassified: 916 branches -> ./misclassified/EMB_CT_508.namd_r.csv


##################################################
520.omnetpp_r
##################################################
  520.omnetpp_r        Static - Loss:  29.563%   Dynamic Weighted loss:  27.556%
  Misclassified: 2640 branches -> ./misclassified/EMB_CT_520.omnetpp_r.csv


##################################################
510.parest_r
##################################################
  510.parest_r         Static - Loss:  29.534%   Dynamic Weighted loss:  27.673%
  Misclassified: 4592 branches -> ./misclassified/EMB_CT_510.parest_r.csv


##################################################
500.perlbench_r
##################################################
  500.perlbench_r      Static - Loss:  32.543%   Dynamic Weighted loss:  29.997%
  Misclassified: 5575 branches -> ./misclassified/EMB_CT_500.perlbench_r.csv


##################################################
511.povray_r
##################################################
  511.povray_r         Static - Loss:  25.408%   Dynamic Weighted loss:  38.056%
  Misclassified: 1852 branches -> ./misclassified/EMB_CT_511.povray_r.csv


##################################################
521.wrf_r
##################################################
  521.wrf_r            Static - Loss:  24.294%   Dynamic Weighted loss:  23.763%
  Misclassified: 9775 branches -> ./misclassified/EMB_CT_521.wrf_r.csv


##################################################
525.x264_r
##################################################
  525.x264_r           Static - Loss:  29.069%   Dynamic Weighted loss:  22.196%
  Misclassified: 1302 branches -> ./misclassified/EMB_CT_525.x264_r.csv


##################################################
523.xalancbmk_r
##################################################
  523.xalancbmk_r      Static - Loss:  31.381%   Dynamic Weighted loss:  19.552%
  Misclassified: 4265 branches -> ./misclassified/EMB_CT_523.xalancbmk_r.csv
Using cuda


##################################################
507.cactuBSSN_r
##################################################
  507.cactuBSSN_r      1-Accuracy:  35.154%   Binary Error:  29.820%
  Misclassified: 4073 branches -> ./misclassified/ESP_507.cactuBSSN_r.csv
Using cuda


##################################################
502.gcc_r
##################################################
  502.gcc_r            1-Accuracy:  35.088%   Binary Error:  33.000%
  Misclassified: 30358 branches -> ./misclassified/ESP_502.gcc_r.csv
Using cuda


##################################################
519.lbm_r
##################################################
  519.lbm_r            1-Accuracy:  33.399%   Binary Error:   3.992%
  Misclassified: 340 branches -> ./misclassified/ESP_519.lbm_r.csv
Using cuda


##################################################
505.mcf_r
##################################################
  505.mcf_r            1-Accuracy:  24.919%   Binary Error:  29.594%
  Misclassified: 77 branches -> ./misclassified/ESP_505.mcf_r.csv
Using cuda


##################################################
508.namd_r
##################################################
  508.namd_r           1-Accuracy:  30.771%   Binary Error:  26.752%
  Misclassified: 1077 branches -> ./misclassified/ESP_508.namd_r.csv
Using cuda


##################################################
520.omnetpp_r
##################################################
  520.omnetpp_r        1-Accuracy:  39.115%   Binary Error:  38.693%
  Misclassified: 3493 branches -> ./misclassified/ESP_520.omnetpp_r.csv
Using cuda


##################################################
510.parest_r
##################################################
  510.parest_r         1-Accuracy:  32.654%   Binary Error:  27.844%
  Misclassified: 5077 branches -> ./misclassified/ESP_510.parest_r.csv
Using cuda


##################################################
500.perlbench_r
##################################################
  500.perlbench_r      1-Accuracy:  34.038%   Binary Error:  31.053%
  Misclassified: 5831 branches -> ./misclassified/ESP_500.perlbench_r.csv
Using cuda


##################################################
511.povray_r
##################################################
  511.povray_r         1-Accuracy:  29.291%   Binary Error:  44.346%
  Misclassified: 2135 branches -> ./misclassified/ESP_511.povray_r.csv
Using cuda


##################################################
521.wrf_r
##################################################
  521.wrf_r            1-Accuracy:  28.604%   Binary Error:  26.171%
  Misclassified: 11509 branches -> ./misclassified/ESP_521.wrf_r.csv
Using cuda


##################################################
525.x264_r
##################################################
  525.x264_r           1-Accuracy:  36.682%   Binary Error:  23.265%
  Misclassified: 1643 branches -> ./misclassified/ESP_525.x264_r.csv
Using cuda


##################################################
523.xalancbmk_r
##################################################
  523.xalancbmk_r      1-Accuracy:  32.522%   Binary Error:  19.120%
  Misclassified: 4420 branches -> ./misclassified/ESP_523.xalancbmk_r.csv


##################################################
507.cactuBSSN_r
##################################################
  507.cactuBSSN_r      1-Accuracy:  31.970%   Binary Error:  14.311%
  Misclassified: 3704 branches -> ./misclassified/SS_CT_507.cactuBSSN_r.csv


##################################################
502.gcc_r
##################################################
  502.gcc_r            1-Accuracy:  35.816%   Binary Error:  34.530%
  Misclassified: 30988 branches -> ./misclassified/SS_CT_502.gcc_r.csv


##################################################
519.lbm_r
##################################################
  519.lbm_r            1-Accuracy:  30.943%   Binary Error:  33.769%
  Misclassified: 315 branches -> ./misclassified/SS_CT_519.lbm_r.csv


##################################################
505.mcf_r
##################################################
  505.mcf_r            1-Accuracy:  23.301%   Binary Error:  25.442%
  Misclassified: 72 branches -> ./misclassified/SS_CT_505.mcf_r.csv


##################################################
508.namd_r
##################################################
  508.namd_r           1-Accuracy:  31.171%   Binary Error:  18.042%
  Misclassified: 1091 branches -> ./misclassified/SS_CT_508.namd_r.csv


##################################################
520.omnetpp_r
##################################################
  520.omnetpp_r        1-Accuracy:  35.252%   Binary Error:  31.827%
  Misclassified: 3148 branches -> ./misclassified/SS_CT_520.omnetpp_r.csv


##################################################
510.parest_r
##################################################
  510.parest_r         1-Accuracy:  34.506%   Binary Error:  27.618%
  Misclassified: 5365 branches -> ./misclassified/SS_CT_510.parest_r.csv


##################################################
500.perlbench_r
##################################################
  500.perlbench_r      1-Accuracy:  34.511%   Binary Error:  31.585%
  Misclassified: 5912 branches -> ./misclassified/SS_CT_500.perlbench_r.csv


##################################################
511.povray_r
##################################################
  511.povray_r         1-Accuracy:  28.948%   Binary Error:  43.557%
  Misclassified: 2110 branches -> ./misclassified/SS_CT_511.povray_r.csv


##################################################
521.wrf_r
##################################################
  521.wrf_r            1-Accuracy:  33.681%   Binary Error:  27.254%
  Misclassified: 13552 branches -> ./misclassified/SS_CT_521.wrf_r.csv


##################################################
525.x264_r
##################################################
  525.x264_r           1-Accuracy:  34.695%   Binary Error:  22.391%
  Misclassified: 1554 branches -> ./misclassified/SS_CT_525.x264_r.csv


##################################################
523.xalancbmk_r
##################################################
  523.xalancbmk_r      1-Accuracy:  33.883%   Binary Error:  20.574%
  Misclassified: 4605 branches -> ./misclassified/SS_CT_523.xalancbmk_r.csv
