

##################################################
507.cactuBSSN_r
##################################################
  507.cactuBSSN_r      Static - Loss:  35.923%   Dynamic Weighted loss:  15.006%
  Misclassified: 4162 branches -> ./misclassified/EMB_CT_507.cactuBSSN_r.csv


##################################################
502.gcc_r
##################################################
  502.gcc_r            Static - Loss:  36.762%   Dynamic Weighted loss:  33.837%
  Misclassified: 31806 branches -> ./misclassified/EMB_CT_502.gcc_r.csv


##################################################
519.lbm_r
##################################################
  519.lbm_r            Static - Loss:  37.230%   Dynamic Weighted loss:   3.992%
  Misclassified: 379 branches -> ./misclassified/EMB_CT_519.lbm_r.csv


##################################################
505.mcf_r
##################################################
  505.mcf_r            Static - Loss:  32.362%   Dynamic Weighted loss:  25.024%
  Misclassified: 100 branches -> ./misclassified/EMB_CT_505.mcf_r.csv


##################################################
508.namd_r
##################################################
  508.namd_r           Static - Loss:  34.400%   Dynamic Weighted loss:  17.844%
  Misclassified: 1204 branches -> ./misclassified/EMB_CT_508.namd_r.csv


##################################################
520.omnetpp_r
##################################################
  520.omnetpp_r        Static - Loss:  39.586%   Dynamic Weighted loss:  29.085%
  Misclassified: 3535 branches -> ./misclassified/EMB_CT_520.omnetpp_r.csv


##################################################
510.parest_r
##################################################
  510.parest_r         Static - Loss:  32.281%   Dynamic Weighted loss:  26.345%
  Misclassified: 5019 branches -> ./misclassified/EMB_CT_510.parest_r.csv


##################################################
500.perlbench_r
##################################################
  500.perlbench_r      Static - Loss:  38.030%   Dynamic Weighted loss:  34.225%
  Misclassified: 6515 branches -> ./misclassified/EMB_CT_500.perlbench_r.csv


##################################################
511.povray_r
##################################################
  511.povray_r         Static - Loss:  33.379%   Dynamic Weighted loss:  39.912%
  Misclassified: 2433 branches -> ./misclassified/EMB_CT_511.povray_r.csv


##################################################
521.wrf_r
##################################################
  521.wrf_r            Static - Loss:  41.259%   Dynamic Weighted loss:  18.488%
  Misclassified: 16601 branches -> ./misclassified/EMB_CT_521.wrf_r.csv


##################################################
525.x264_r
##################################################
  525.x264_r           Static - Loss:  37.441%   Dynamic Weighted loss:  22.740%
  Misclassified: 1677 branches -> ./misclassified/EMB_CT_525.x264_r.csv


##################################################
523.xalancbmk_r
##################################################
  523.xalancbmk_r      Static - Loss:  33.221%   Dynamic Weighted loss:  19.640%
  Misclassified: 4515 branches -> ./misclassified/EMB_CT_523.xalancbmk_r.csv
Using cuda


##################################################
507.cactuBSSN_r
##################################################
  507.cactuBSSN_r      1-Accuracy:  36.518%   Binary Error:  20.254%
  Misclassified: 4231 branches -> ./misclassified/ESP_507.cactuBSSN_r.csv
Using cuda


##################################################
502.gcc_r
##################################################
  502.gcc_r            1-Accuracy:  36.897%   Binary Error:  34.143%
  Misclassified: 31923 branches -> ./misclassified/ESP_502.gcc_r.csv
Using cuda


##################################################
519.lbm_r
##################################################
  519.lbm_r            1-Accuracy:  36.248%   Binary Error:   3.992%
  Misclassified: 369 branches -> ./misclassified/ESP_519.lbm_r.csv
Using cuda


##################################################
505.mcf_r
##################################################
  505.mcf_r            1-Accuracy:  27.184%   Binary Error:  31.700%
  Misclassified: 84 branches -> ./misclassified/ESP_505.mcf_r.csv
Using cuda


##################################################
508.namd_r
##################################################
  508.namd_r           1-Accuracy:  34.800%   Binary Error:  18.501%
  Misclassified: 1218 branches -> ./misclassified/ESP_508.namd_r.csv
Using cuda


##################################################
520.omnetpp_r
##################################################
  520.omnetpp_r        1-Accuracy:  42.990%   Binary Error:  36.423%
  Misclassified: 3839 branches -> ./misclassified/ESP_520.omnetpp_r.csv
Using cuda


##################################################
510.parest_r
##################################################
  510.parest_r         1-Accuracy:  35.567%   Binary Error:  27.508%
  Misclassified: 5530 branches -> ./misclassified/ESP_510.parest_r.csv
Using cuda


##################################################
500.perlbench_r
##################################################
  500.perlbench_r      1-Accuracy:  37.073%   Binary Error:  31.248%
  Misclassified: 6351 branches -> ./misclassified/ESP_500.perlbench_r.csv
Using cuda


##################################################
511.povray_r
##################################################
  511.povray_r         1-Accuracy:  34.724%   Binary Error:  37.559%
  Misclassified: 2531 branches -> ./misclassified/ESP_511.povray_r.csv
Using cuda


##################################################
521.wrf_r
##################################################
  521.wrf_r            1-Accuracy:  41.115%   Binary Error:  24.719%
  Misclassified: 16543 branches -> ./misclassified/ESP_521.wrf_r.csv
Using cuda


##################################################
525.x264_r
##################################################
  525.x264_r           1-Accuracy:  39.875%   Binary Error:  22.767%
  Misclassified: 1786 branches -> ./misclassified/ESP_525.x264_r.csv
Using cuda


##################################################
523.xalancbmk_r
##################################################
  523.xalancbmk_r      1-Accuracy:  33.221%   Binary Error:  19.019%
  Misclassified: 4515 branches -> ./misclassified/ESP_523.xalancbmk_r.csv


##################################################
507.cactuBSSN_r
##################################################
  507.cactuBSSN_r      1-Accuracy:  37.951%   Binary Error:  17.968%
  Misclassified: 4397 branches -> ./misclassified/SS_CT_507.cactuBSSN_r.csv


##################################################
502.gcc_r
##################################################
  502.gcc_r            1-Accuracy:  36.135%   Binary Error:  33.346%
  Misclassified: 31264 branches -> ./misclassified/SS_CT_502.gcc_r.csv


##################################################
519.lbm_r
##################################################
  519.lbm_r            1-Accuracy:  36.640%   Binary Error:   3.515%
  Misclassified: 373 branches -> ./misclassified/SS_CT_519.lbm_r.csv


##################################################
505.mcf_r
##################################################
  505.mcf_r            1-Accuracy:  33.010%   Binary Error:  24.439%
  Misclassified: 102 branches -> ./misclassified/SS_CT_505.mcf_r.csv


##################################################
508.namd_r
##################################################
  508.namd_r           1-Accuracy:  35.286%   Binary Error:  18.158%
  Misclassified: 1235 branches -> ./misclassified/SS_CT_508.namd_r.csv


##################################################
520.omnetpp_r
##################################################
  520.omnetpp_r        1-Accuracy:  41.613%   Binary Error:  34.262%
  Misclassified: 3716 branches -> ./misclassified/SS_CT_520.omnetpp_r.csv


##################################################
510.parest_r
##################################################
  510.parest_r         1-Accuracy:  37.818%   Binary Error:  27.771%
  Misclassified: 5880 branches -> ./misclassified/SS_CT_510.parest_r.csv


##################################################
500.perlbench_r
##################################################
  500.perlbench_r      1-Accuracy:  37.680%   Binary Error:  32.209%
  Misclassified: 6455 branches -> ./misclassified/SS_CT_500.perlbench_r.csv


##################################################
511.povray_r
##################################################
  511.povray_r         1-Accuracy:  34.298%   Binary Error:  40.910%
  Misclassified: 2500 branches -> ./misclassified/SS_CT_511.povray_r.csv


##################################################
521.wrf_r
##################################################
  521.wrf_r            1-Accuracy:  46.279%   Binary Error:  24.078%
  Misclassified: 18621 branches -> ./misclassified/SS_CT_521.wrf_r.csv


##################################################
525.x264_r
##################################################
  525.x264_r           1-Accuracy:  39.294%   Binary Error:  22.625%
  Misclassified: 1760 branches -> ./misclassified/SS_CT_525.x264_r.csv


##################################################
523.xalancbmk_r
##################################################
  523.xalancbmk_r      1-Accuracy:  35.656%   Binary Error:  17.811%
  Misclassified: 4846 branches -> ./misclassified/SS_CT_523.xalancbmk_r.csv
