

##################################################
526.blender_r
##################################################
  526.blender_r        Static - Loss:  36.249%   Dynamic Weighted loss:  28.585%
  Misclassified: 5388 branches -> ./misclassified/EMB_CT_526.blender_r.csv


##################################################
503.bwaves_r
##################################################
  503.bwaves_r         Static - Loss:  31.658%   Dynamic Weighted loss:  24.451%
  Misclassified: 718 branches -> ./misclassified/EMB_CT_503.bwaves_r.csv


##################################################
527.cam4_r
##################################################
  527.cam4_r           Static - Loss:  30.365%   Dynamic Weighted loss:  25.237%
  Misclassified: 7003 branches -> ./misclassified/EMB_CT_527.cam4_r.csv


##################################################
531.deepsjeng_r
##################################################
  531.deepsjeng_r      Static - Loss:  37.277%   Dynamic Weighted loss:  37.230%
  Misclassified: 980 branches -> ./misclassified/EMB_CT_531.deepsjeng_r.csv


##################################################
548.exchange2_r
##################################################
  548.exchange2_r      Static - Loss:  27.234%   Dynamic Weighted loss:  31.291%
  Misclassified: 890 branches -> ./misclassified/EMB_CT_548.exchange2_r.csv


##################################################
549.fotonik3d_r
##################################################
  549.fotonik3d_r      Static - Loss:  28.935%   Dynamic Weighted loss:  18.292%
  Misclassified: 1375 branches -> ./misclassified/EMB_CT_549.fotonik3d_r.csv


##################################################
538.imagick_r
##################################################
  538.imagick_r        Static - Loss:  35.126%   Dynamic Weighted loss:  14.079%
  Misclassified: 1424 branches -> ./misclassified/EMB_CT_538.imagick_r.csv


##################################################
541.leela_r
##################################################
  541.leela_r          Static - Loss:  39.180%   Dynamic Weighted loss:  34.476%
  Misclassified: 1595 branches -> ./misclassified/EMB_CT_541.leela_r.csv


##################################################
544.nab_r
##################################################
  544.nab_r            Static - Loss:  35.068%   Dynamic Weighted loss:  15.835%
  Misclassified: 1038 branches -> ./misclassified/EMB_CT_544.nab_r.csv


##################################################
554.roms_r
##################################################
  554.roms_r           Static - Loss:  26.573%   Dynamic Weighted loss:  12.029%
  Misclassified: 1816 branches -> ./misclassified/EMB_CT_554.roms_r.csv


##################################################
557.xz_r
##################################################
  557.xz_r             Static - Loss:  36.175%   Dynamic Weighted loss:  31.999%
  Misclassified: 768 branches -> ./misclassified/EMB_CT_557.xz_r.csv
Using cuda


##################################################
526.blender_r
##################################################
  526.blender_r        1-Accuracy:  37.661%   Binary Error:  33.639%
  Misclassified: 5598 branches -> ./misclassified/ESP_526.blender_r.csv
Using cuda


##################################################
503.bwaves_r
##################################################
  503.bwaves_r         1-Accuracy:  34.127%   Binary Error:  26.471%
  Misclassified: 774 branches -> ./misclassified/ESP_503.bwaves_r.csv
Using cuda


##################################################
527.cam4_r
##################################################
  527.cam4_r           1-Accuracy:  29.576%   Binary Error:  26.040%
  Misclassified: 6821 branches -> ./misclassified/ESP_527.cam4_r.csv
Using cuda


##################################################
531.deepsjeng_r
##################################################
  531.deepsjeng_r      1-Accuracy:  35.831%   Binary Error:  34.789%
  Misclassified: 942 branches -> ./misclassified/ESP_531.deepsjeng_r.csv
Using cuda


##################################################
548.exchange2_r
##################################################
  548.exchange2_r      1-Accuracy:  27.417%   Binary Error:  23.157%
  Misclassified: 896 branches -> ./misclassified/ESP_548.exchange2_r.csv
Using cuda


##################################################
549.fotonik3d_r
##################################################
  549.fotonik3d_r      1-Accuracy:  29.566%   Binary Error:  15.640%
  Misclassified: 1405 branches -> ./misclassified/ESP_549.fotonik3d_r.csv
Using cuda


##################################################
538.imagick_r
##################################################
  538.imagick_r        1-Accuracy:  37.370%   Binary Error:  17.320%
  Misclassified: 1515 branches -> ./misclassified/ESP_538.imagick_r.csv
Using cuda


##################################################
541.leela_r
##################################################
  541.leela_r          1-Accuracy:  39.622%   Binary Error:  30.531%
  Misclassified: 1613 branches -> ./misclassified/ESP_541.leela_r.csv
Using cuda


##################################################
544.nab_r
##################################################
  544.nab_r            1-Accuracy:  37.230%   Binary Error:  21.851%
  Misclassified: 1102 branches -> ./misclassified/ESP_544.nab_r.csv
Using cuda


##################################################
554.roms_r
##################################################
  554.roms_r           1-Accuracy:  29.587%   Binary Error:  14.529%
  Misclassified: 2022 branches -> ./misclassified/ESP_554.roms_r.csv
Using cuda


##################################################
557.xz_r
##################################################
  557.xz_r             1-Accuracy:  35.092%   Binary Error:  37.222%
  Misclassified: 745 branches -> ./misclassified/ESP_557.xz_r.csv


##################################################
526.blender_r
##################################################
  526.blender_r        1-Accuracy:  37.063%   Binary Error:  35.430%
  Misclassified: 5509 branches -> ./misclassified/SS_CT_526.blender_r.csv


##################################################
503.bwaves_r
##################################################
  503.bwaves_r         1-Accuracy:  33.245%   Binary Error:  26.455%
  Misclassified: 754 branches -> ./misclassified/SS_CT_503.bwaves_r.csv


##################################################
527.cam4_r
##################################################
  527.cam4_r           1-Accuracy:  32.390%   Binary Error:  24.005%
  Misclassified: 7470 branches -> ./misclassified/SS_CT_527.cam4_r.csv


##################################################
531.deepsjeng_r
##################################################
  531.deepsjeng_r      1-Accuracy:  37.543%   Binary Error:  35.809%
  Misclassified: 987 branches -> ./misclassified/SS_CT_531.deepsjeng_r.csv


##################################################
548.exchange2_r
##################################################
  548.exchange2_r      1-Accuracy:  31.854%   Binary Error:  23.177%
  Misclassified: 1041 branches -> ./misclassified/SS_CT_548.exchange2_r.csv


##################################################
549.fotonik3d_r
##################################################
  549.fotonik3d_r      1-Accuracy:  28.620%   Binary Error:  15.445%
  Misclassified: 1360 branches -> ./misclassified/SS_CT_549.fotonik3d_r.csv


##################################################
538.imagick_r
##################################################
  538.imagick_r        1-Accuracy:  37.099%   Binary Error:  17.353%
  Misclassified: 1504 branches -> ./misclassified/SS_CT_538.imagick_r.csv


##################################################
541.leela_r
##################################################
  541.leela_r          1-Accuracy:  38.000%   Binary Error:  33.122%
  Misclassified: 1547 branches -> ./misclassified/SS_CT_541.leela_r.csv


##################################################
544.nab_r
##################################################
  544.nab_r            1-Accuracy:  36.318%   Binary Error:  17.820%
  Misclassified: 1075 branches -> ./misclassified/SS_CT_544.nab_r.csv


##################################################
554.roms_r
##################################################
  554.roms_r           1-Accuracy:  28.944%   Binary Error:  16.450%
  Misclassified: 1978 branches -> ./misclassified/SS_CT_554.roms_r.csv


##################################################
557.xz_r
##################################################
  557.xz_r             1-Accuracy:  35.563%   Binary Error:  32.571%
  Misclassified: 755 branches -> ./misclassified/SS_CT_557.xz_r.csv
